"/bar.gif" :	3 occurrences
"/foo.gif" :	2 occurrences
"/bar.html" :	2 occurrences
"/yoyo.html" :	1 occurrences
