OK
OK
Error: Invalid polygon
OK
Error: Wrong number of arguments
