OK
OK
OK
Error: One or more shape name is invalid
Error: Shape name already existing
OK
OK
OK
* seg : { (0, 1); (2, 3) }
* rzc : { (0, 1); (1, 0) }
