OK
OK
OK
OK
* seg1 :        { (0, 1); (2, 3) }
* rec : { (0, 1); (1, 0) }
* seg2 :        { (3, 1); (2, 0) }
