OK
OK
OK
Error: One or more shape name is invalid
Error: Shape name already existing
OK
OK
OK
* seg : { (0, 2); (2, 3) }
* rzc : { (0, 0); (1, 0) }
